// Jest Snapshot v1, https://goo.gl/fbAQLP

exports[`AlertPanel/AlertPanel should render correctly 1`] = `
<AlertPanel
  alerts={
    Array [
      Object {
        "isOld": false,
        "message": "Message 1",
        "timestamp": 2020-03-01T00:00:00.000Z,
        "type": "info",
      },
      Object {
        "isOld": false,
        "message": "Message 2",
        "timestamp": 2020-03-01T00:00:00.000Z,
        "type": "info",
      },
      Object {
        "isOld": false,
        "message": "Message 3",
        "timestamp": 2020-03-01T00:00:00.000Z,
        "type": "info",
      },
    ]
  }
>
  <div
    className="alert-panel"
  >
    <Alert
      key="alert-0"
      type="info"
    >
      <div
        className="alert-panel__alert alert-panel__alert--info  "
      >
        Message 1
      </div>
    </Alert>
    <Alert
      key="alert-1"
      type="info"
    >
      <div
        className="alert-panel__alert alert-panel__alert--info  "
      >
        Message 2
      </div>
    </Alert>
    <Alert
      key="alert-2"
      type="info"
    >
      <div
        className="alert-panel__alert alert-panel__alert--info  "
      >
        Message 3
      </div>
    </Alert>
  </div>
</AlertPanel>
`;
